// Jest Snapshot v1, https://goo.gl/fbAQLP

exports[` 1`] = `
Object {
  "0": Object {
    "img": "https://miro.medium.com/max/1400/1*uvd7Z4npUG8qulaQLjHcZw.jpeg",
    "likes": 1000,
    "rate": 4.5,
    "title": "GraphQL Advanced Course",
  },
  "1": Object {
    "img": "https://miro.medium.com/max/2880/1*xcDT-neKHP7E3quS9n30gw.png",
    "likes": 1500,
    "rate": 5,
    "title": "React Hooks Course",
  },
  "2": Object {
    "img": "https://railsware.com/blog/wp-content/uploads/2018/09/2400%D1%851260-rw-blog-node-js.png",
    "likes": 784,
    "rate": 4,
    "title": "Nodejs Advanced Course",
  },
  "3": Object {
    "img": "https://i.ytimg.com/vi/OdU9H-_d14Y/maxresdefault.jpg",
    "likes": 1000,
    "rate": 4,
    "title": "React Native With Typescript",
  },
  "4": Object {
    "img": "https://dist.neo4j.com/wp-content/uploads/20170524234854/graph-ql-graph-database-neo4j-integration.png",
    "likes": 1000,
    "rate": 5,
    "title": "GraphQL with Neo4j  Course",
  },
}
`;
